ssh-ed25519 AAAAC3NzaC1lZDI1NTE5AAAAIPBZ5eq3I/XETCUq0ASEqW38h+rMKGDaG+46cJI4KwxK
ssh-rsa AAAAB3NzaC1yc2EAAAADAQABAAABAQDGginYLv2VtA9h4JF3wrUj4qvLjl/LtDKUwZPrwtv11hSApb+iq8ImYwX894ZSJbEJ0mox0qcYz8AKN3kcCCKyAQZB0u7dJL3fPPQbgVM+PqOgvOJuMtn6OgkOCaTCU0BwTw5adPIyztPiDmDgCZzZCVTMUXMHZc/RyM+WwxkqXFIpOTsBshdEVqGT3HA0q2uhwCFSaHvjuReYSVFD37REVo+HyPIZFrFqALtgBCCNmSDXc9tMCrFxqnMSp7nlGlYLQEbhM0N2a7Fe0fOtNpQbN6o9T9sPz8ZD3QomI+SdfbyE1wrqFJ/iQ0fS1fNXkj28/Oi71xD6th+Xwwo75APX
ecdsa-sha2-nistp256 AAAAE2VjZHNhLXNoYTItbmlzdHAyNTYAAAAIbmlzdHAyNTYAAABBBKDoyVwcHA94guphXWlsJDpzjjydlifa06nYmJkFbyT6OsY29164D3hcPpyAPeoApBPoq61fyco4yHzadEgsk08=
